// Jest Snapshot v1, https://goo.gl/fbAQLP

exports[`tests on the <LoginScreen /> component should display the component correctly 1`] = `
<div>
  <h1>
    Login
  </h1>
  <hr />
  <button
    className="btn btn-primary"
    onClick={[Function]}
  >
    Login
  </button>
</div>
`;
