// Jest Snapshot v1, https://goo.gl/fbAQLP

exports[`tests on the <TodoAdd /> component should display the component correctly 1`] = `
<Fragment>
  <h4>
    Add TODO
  </h4>
  <hr />
  <form
    onSubmit={[Function]}
  >
    <input
      autoComplete="off"
      className="form-control"
      name="description"
      onChange={[Function]}
      placeholder="do..."
      type="text"
      value=""
    />
    <div
      className="d-grid gap-1"
    >
      <button
        className="btn btn-outline-success mt-1"
        type="submit"
      >
        Add
      </button>
    </div>
  </form>
</Fragment>
`;
