// Jest Snapshot v1, https://goo.gl/fbAQLP

exports[`tests on the <RealExampleRef /> component should display the component correctly 1`] = `
<div>
  <h1>
    Real Example of useRef
  </h1>
  <br />
  <button
    className="btn btn-primary"
    onClick={[Function]}
  >
    Show/Hide quotes
  </button>
</div>
`;
