// Jest Snapshot v1, https://goo.gl/fbAQLP

exports[`tests on the <MultipleCustomHooks /> component should display the component correctly 1`] = `
<Fragment>
  <h1>
    BrakingBad Quotes
  </h1>
  <br />
  <div
    className="alert alert-info text-center"
  >
    loading...
  </div>
  <button
    className="btn btn-primary"
    onClick={[Function]}
  >
    Next Quote
  </button>
</Fragment>
`;
